[    0.000000] Iniazig cgrp bsysccpuset
[  0000000] Intiizng cgroup subsys cpu
[    0.000000] Initializing cgroup subsys cpuacct
[    0.000000] Linux version 4.4.0-57-generic (bild@gw-5 (gcc version 5..00160609(Uun 5.4.0-6uun1~.04.4) #7Ubnt S F Dec 9 23:50:32 UTC 2016 (Ubuntu 4.4.0-57.78-generic 4.4.35)
[    0.000000] Command line: BOOT_IMAGE=/boot/vmlinuz-4.4.0-57-generic root=LABEL=cloudimg-rootfs ro console=tty1 console=ttyS0
[    0.000000] KERNEL supported cpus:
[    0.000000]   Intel GenuineIntel
[    0.000000]   AMD AuthenticAMD
[    0.0000  Centa CtarHauls
[  00000] 6/u: xstae_fst[2]: 57 xate_ze2]:  256
[   0000] x86/f: pportinXSE eature 01'x87 loinpoint registers'
  0.00000]] x86/fpu: Supporting XSAVE feature 0x02: 'SSE registers'
[    0.000000] x86/fpu: Supporting XSAVE feature 0x04: 'AVX registers'
[    0.000000] x86/fpu: Enabled xstate features 0x7, context size is 832 bytes, using 'standard' format.
[    0.000000] x86/fpu: Using 'lazy' FPU context switches.
[    0.000000] e820: BIOS-provided physical RAM map:
[    0.000000] BIOS-e820: [mem 0x0000000000000000-0x000000000009fbff] usable
[    0.000000] BIOS-e820: [mem 0x000000000009fc00-0x000000000009ffff] reserved
[    0.000000] BIOS-e820: [mem 0x00000000000f0000-0x00000000000fffff] reserved
[    0.000000] BIOS-e820: [mem 0x0000000000100000-0x000000003ffeffff] usable
[    0.000000] BIOS-e820: [mem 0x000000003fff0000-0x000000003fffffff] ACPI data
[    0.000000] BIOS-e820: [mem 0x00000000fffc0000-0x00000000ffffffff] reserved
[    0.000000] NX (Execute Disable) protection: active
[    0.000000] SMBIOS 2.5 present.
[    0.000000] Hypervisor detected: KVM
[    0.000000] e820: last_pfn = 0x3fff0 max_arch_pfn = 0x400000000
[    0.000000] MTRR: Disabled
[    0.000000] x86/PAT: MTRRs disabled, skipping PAT initialization too.
[    0.000000] x86/PAT: Configuration [0-7]: WB  WT  UC- UC  WB  WT  UC- UC  
[    0.000000] CPU MTRRs all blank - virtualized system.
[    0.000000] found SMP MP-table at [mem 0x0009fff0-0x0009ffff] mapped at [ff880009f0
[    0.000000] Scanning 1 areas for low memory corruption
[    0.000000] RAMDISK: [mem 0x36b74000-0x375b1fff]
[    0.000000] ACPI: Early table checksum verification disabled
[    0.000000] ACPI: RSDP 0x00000000000E0000 000024 (v02 VBOX  )
[    0.00000] ACPI: XSDT 0x000000003FFF0030 00003C (v01 VBOX   VBOXXSDT 00000001 ASL  00000061)
[    0.000000] ACPI: FACP 0x000000003FFF00F0 0000F4 (v04 VBOX   VBOXFACP 00000001 ASL  00000061)
[    0.000000] ACPI: DSDT 0x000000003FFF0470 002118 (v01 VBOX   VBOXBIOS 00000002 INTL 20160108)
[    0.000000] ACPI: FACS 0x000000003FFF0200 000040
[    0.000000] ACP: CS 0x000000FF0200 004
[    0.000000] ACPI: APIC 0x000000003FFF0240 0000C (02BO  VBOXPI000001 ASL  00000061)
[    0.000000] ACPI: SSDT 0x000000003FFF02A0 0001CC (v01 VBOX   VBOXCPUT 00000002 INTL 20160108)
[    0.000000] No NUMA configuration found
[    0.000000] Faking a node at [mem 0x0000000000000000-0x000000003ffeffff]
[    0.000000] NODE_DATA(0) allocated [mem 0x3ffeb000-0x3ffeffff]
[    0.000000] kvm-clock: Using msrs 4b564d01 and 4b564d00
[    0.000000] kvm-clock: cpu 0, msr 0:3ffe3001, primary cpu clock
[    0.000000] kvm-clock: using sched offset of 2931670879 cycles
[    0.000000] clocksource: kvm-clock: mask: 0xffffffffffffffff max_cycles: 0x1cd42e4dffb, max_idle_ns: 881590591483 ns
[    0.000000] Zone ranges:
[    0.000000]   DMA      [mem 0x0000000000001000-0x0000000000ffffff]
[    0.000000]   DMA32    [mem 0x0000000001000000-0x000000003ffeffff]
[    0.000000]   Normal   empty
[    0.000000]   Device   empty
[    0.000000] Movable zone start for each node
[    0.000000] Early memory node ranges
[    0.000000]   node   0: [mem 0x0000000000001000-0x000000000009efff]
[    0.000000]   node   0: [mem 0x0000000000100000-0x000000003ffeffff]
[    0.000000] Initmem setup node 0 [mem 0x0000000000001000-0x000000003ffeffff]
[    0.000000] ACPI: PM-Timer IO Port: 0x4008
[    0.000000] IOAPIC[0]: apic_id 2, version 17, address 0xfec00000, GSI 0-23
[    0.000000] ACPI: INT_SRC_OVR (bus 0 bu_i 0 gbair 2 dfl fl
[   0.000000AC: NTSROV(bus 0buir 9 globair9 high ev)[    0.000000] Using ACPI (MADT) for SMP configuration information
[    0.000000] smpboot: Allowing 2 CPUs, 0 hotplug CPUs
[    0.000000] PM: Registered nosave memory: [mem 0x00000000-0x00000fff]
[    0.000000] PM: Registered nosave memory: [mem 0x0009f000-0x0009ffff]
[    0.000000] PM: Registered nosave memory: [mem 0x000a0000-0x000effff]
[    0.000000] PM: Registered nosave memory: [mem 0x000f0000-0x000fffff]
[    0.000000] e820: [mem 0x40000000-0xfffbffff] available for PCI devices
[    0.000000] Booting paravirtualized kernel on KVM
[    0.000000] clocksource: refined-jiffies: mask: 0xffffffff max_cycles: 0xffffffff, max_idle_ns: 7645519600211568 ns
[    0.000000] setup_percpu: NR_CPUS:512 nr_cpumask_bits:512 nr_cpu_ids:2 nr_node_ids:1
[    0.000000] PERCPU: Embedded 33 pages/cpu @ffff88003fc00000 s98264 r8192 d28712 u1048576
[    0.000000] PV qspinlock hash table entries: 256 (order: 0, 4096 bytes)
[    0.000000] Built 1 zonelists in Node order, mobility grouping on.  Total pages: 257913
[    0.000000] Policy zone: DMA32
[    0.000000] Kernel command line: BOOT_IMAGE=/boot/vmlinuz-4.4.0-57-generic root=LABEL=cloudimg-rootfs ro console=tty1 console=ttyS0
[    0.000000] PID hash table entries: 4096 (order: 3, 32768 bytes)
[    0.000000] Memory: 1002096K/1048120K available (8432K kernel code, 1291K rwdata, 3960K rodata, 1484K init, 1316K bss, 46024K reserved, 0K cma-reserved)
[    0.000000] SLUB: HWalign=64, Order=0-3, MinObjects=0, CPUs=2, Nodes=1
[    0.000000] Hierarchical RCU implementation.
[    0.000000] 	Build-time adjustment of leaf fanout to 64.
[    0000000] 	RCU restricting CPUs from NR_CPUS=512 to nr_cpu_ids=2.
[    0.000000] RCU: Adjusting geometry for rcu_fanout_leaf=64, nr_cpu_ids=2
[    0.000000] NR_IRQS:33024 nr_irqs:440 16
[    0.000000] Console: colour VGA+ 80x25
[    0.000000] console [tty1] enabled
[    0.000000] console [ttyS0] enabled
[    0.000000] tsc: Detected 2693.764 MHz processor
[    2.253049] Calibrating delay loop (skipped) preset value.. 5387.52 BogoMIPS (lpj=10775056)
[    2.254341] pid_max: default: 32768 minimum: 301
[    2.255028] ACPI: Core revision 20150930
[    2.256513] ACPI: 2 ACPI AML tables successfully acquired and loaded
[    2.257522] Security Framework initialized
[    2.258158] Yama: becoming mindful.
[    2.258753] AppArmor: AppArmor initialized
[    2.259454] Dentry cache hash table entries: 131072 (order: 8, 1048576 bytes)
[    2.260535] Inode-cache hash table entries: 65536 (order: 7, 524288 bytes)
[    2.262009] Mount-cache hash table entries: 2048 (order: 2, 16384 bytes)
[    2.262909] Mountpoint-cache hash table entries: 2048 (order: 2, 16384 bytes)
[    2.263979] Initializing cgroup subsys io
[    2.264614] Initializing cgroup subsys memory
[    2.265301] Initializing cgroup subsys devices
[    2.265971] Initializing cgroup subsys freezer
[    2.266649] Initializing cgroup subsys net_cls
[    2.267320] Initializing cgroup subsys perf_event
[    2.268015] Initializing cgroup subsys net_prio
[    2.268695] Initializing cgroup subsys hugetlb
[    2.269385] Initializing cgroup subsys pids
[    2.270095] CPU: Physical Processor ID: 0
[    2.270730] CPU: Processor Core ID: 0
[    2.272163] mce: CPU supports 0 MCE banks
[    2.272828] Last level iTLB entries: 4KB 1024, 2MB 1024, 4MB 1024
[    2.273656] Last level dTLB entries: 4KB 1024, 2MB 1024, 4MB 1024, 1GB 4

[    2.276163] Freeing SMP alternatives memory: 32K (ffffffff820b7000 - ffffffff820bf000)
[    2.284301] ftrace: allocating 32063 entries in 126 pages
[    2.320312] smpboot: APIC(0) Converting physical 0 to logical package 0
[    2.444605] smpboot: Max logical packages: 1
[    2.447116] ..TIMER: vector=0x30 apic1=0 pin1=2 apic2=-1 pin2=-1
[    2.564220] smpboot: CPU0: Intel(R) Core(TM) i7-4600U CPU @ 2.10GHz (family: 0x6, model: 0x45, stepping: 0x1)
[    2.600204] Performance Events: unsupported p6 CPU model 69 no PMU driver, software events only.
[    2.601633] KVM setup paravirtual spinlock
[    2.629396] x86: Booting SMP configuration:
[    2.700405] .... node  #0, CPUs:      #1
[    2.739320] kvm-clock: cpu 1, msr 0:3ffe3041, secondary cpu clock
[    2.740911] mce: CPU supports 0 MCE banks
[    2.743363] x86: Booted up 1 node, 2 CPUs
[    2.775743] smpboot: Total of 2 processors activated (10775.05 BogoMIPS)
[    2.819681] devtmpfs: initialized
[    2.821533] evm: security.selinux
[    2.822098] evm: security.SMACK64
[    2.822666] evm: security.SMACK64EXEC
[    2.823259] evm: security.SMACK64TRANSMUTE
[    2.841312] evm: security.SMACK64MMAP
[    2.841910] evm: security.ima
[    2.842440] evm: security.capability
[    2.843241] clocksource: jiffies: mask: 0xffffffff max_cycles: 0xffffffff, max_idle_ns: 7645041785100000 ns
[    2.844791] pinctrl core: initialized pinctrl subsystem
[    2.845634] RTC time: 19:30:12, date: 01/04/17
[    2.846480] NET: Registered protocol family 16
[    2.856548] cpuidle: using governor ladder
[    2.892785] cpuidle: using governor menu
[    2.898747] PCCT header not found.
[    2.899388] ACPI: bus type PCI registered
[    2.900045] acpiphp: ACPI Hot Plug PCI Controller Driver version: 0.5
[    2.901007] PCI: Using configuration type 1 for base access
[    2.913845] ACPI: Added _OSI(Module Device)
[    2.959143] ACPI: Added _OSI(Processor Device)
[    2.959821] ACPI: Added _OSI(3.0 _SCP Extensions)
[    2.960510] ACPI: Added _OSI(Processor Aggregator Device)
[    2.961895] ACPI: Executed 1 blocks of module-level executable AML code
[    2.964493] ACPI: Interpreter enabled
[    2.965111] ACPI: (supports S0 S5)
[    2.965681] ACPI: Using IOAPIC for interrupt routing
[    2.966535] PCI: Using host bridge windows from ACPI; if necessary, use "pci=nocrs" and report a bug
[    2.970725] ACPI: PCI Root Bridge [PCI0] (domain 0000 [bus 00-ff])
[    2.971566] acpi PNP0A03:00: _OSC: OS supports [ASPM ClockPM Segments MSI]
[    2.972486] acpi PNP0A03:00: _OSC failed (AE_NOT_FOUND); disabling ASPM
[    2.973383] acpi PNP0A03:00: fail to add MMCONFIG information, can't access extended PCI configuration space under this bridge.
[    2.975122] PCI host bridge to bus 0000:00
[    2.975761] pci_bus 0000:00: root bus resource [io  0x0000-0x0cf7 window]
[    2.976658] pci_bus 0000:00: root bus resource [io  0x0d00-0xffff window]
[    2.977569] pci_bus 0000:00: root bus resource [mem 0x000a0000-0x000bffff window]
[    2.978725] pci_bus 0000:00: root bus resource [mem 0x40000000-0xffdfffff window]
[    2.979887] pci_bus 0000:00: root bus resource [bus 00-ff]
[    2.981800] pci 0000:00:01.1: legacy IDE quirk: reg 0x10: [io  0x01f0-0x01f7]
[    2.982732] pci 0000:00:01.1: legacy IDE quirk: reg 0x14: [io  0x03f6]
[    2.983600] pci 0000:00:01.1: legacy IDE quirk: reg 0x18: [io  0x0170-0x0177]
[    2.984590] pci 0000:00:01.1: legacy IDE quirk: reg 0x1c: [io  0x0376]
[    3.016152] ACPI: PCI Interrupt Link [LNKA] (IRQs 5 9 10 11) *0, disabled.
[    3.046490] ACPI: PCI Interrupt Link [LNKB] (IRQs 5 9 10 *11)
[    3.056541] ACPI: PCI Interrupt Link [LNKC] (IRQs 5 9 *10 11)
[    3.120264] ACPI: PCI Interrupt Link [LNKD] (IRQs 5 *9 10 11)
[    3.180052] ACPI: Enabled 2 GPEs in block 00 to 07
[    3.240489] vgaarb: setting as boot device: PCI:0000:00:02.0
[    3.311615] vgaarb: device added: PCI:0000:00:02.0,decodes=io+mem,owns=io+mem,locks=none
[    3.451885] vgaarb: loaded
[    3.511996] vgaarb: bridge control possible 0000:00:02.0
[    3.521787] SCSI subsystem initialized
[    3.522523] ACPI: bus type USB registered
[    3.544327] usbcore: registered new interface driver usbfs
[    3.545123] usbcore: registered new interface driver hub
[    3.545901] usbcore: registered new device driver usb
[    3.564764] PCI: Using ACPI for IRQ routing
[    3.573445] NetLabel: Initializing
[    3.574018] NetLabel:  domain hash size = 128
[    3.574682] NetLabel:  protocols = UNLABELED CIPSOv4
[    3.575414] NetLabel:  unlabeled traffic allowed by default
[    3.576274] amd_nb: Cannot enumerate AMD northbridges
[    3.577049] clocksource: Switched to clocksource kvm-clock
[    3.632087] AppArmor: AppArmor Filesystem Enabled
[    3.650467] pnp: PnP ACPI init
[    3.651616] pnp: PnP ACPI: found 3 devices
[   6574clksur: pim:as: 0xffffff ma_cle 0fff,axdlns207024s
[   .512 N: gier ptol mi 2
[    50569TCesblheha tlentes81 (de 4, 65536 bytes)
[    5.660142] TCP bind hash table entries: 8192 (order: 5, 131072 bytes)
[    5.661061] TCP: Hash tables configured (established 8192 bind 8192)
[    5.661992] UDP hash table entries: 512 (order: 2, 16384 bytes)
[    5.662863] UDP-Lite hash table entries: 512 (order: 2, 16384 bytes)
[    5.663789] NET: Registered protocol family 1
[    5.664472] pci 0000:00:00.0: Limiting direct PCI/PCI transfers
[    5.665366] pci 0000:00:01.0: Activating ISA DMA hang workarounds
[   5.666731] Trying to unpack rootfs image as initramfs...

[    7.181497] Freeing initrd memory: 10488K (ffff880036b74000 - ffff8800375b2000)
[    7.218137] RAPL PMU detected, API unit is 2^-32 Joules, 4 fixed counters 10737418240 ms ovfl timer
[    7.219467] hw unit of domain pp0-core 2^-0 Joules
[    7.220173] hw unit of domain package 2^-0 Joules
[    7.220869] hw unit of domain dram 2^-0 Joules
[    7.221581] hw unit of domain pp1-gpu 2^-0 Joules
[    7.222340] platform rtc_cmos: registered platform RTC device (no PNP device found)
[    7.223548] Scanning for low memory corruption every 60 seconds
[    7.224720] futex hash table entries: 512 (order: 3, 32768 bytes)
[    7.225642] audit: initializing netlink subsys (disabled)
[    7.226449] audit: type=2000 audit(1483558217.969:1): initialized
[    7.227540] Initialise system trusted keyring
[    7.228510] HugeTLB registered 2 MB page size, pre-allocated 0 pages
[    7.230682] zbud: loaded
[    7.262754] VFS: Disk quotas dquot_6.6.0
[    7.291038] VFS: Dquot-cache hash table entries: 512 (order 0, 4096 bytes)
[    7.292337] squashfs: version 4.0 (2009/01/31) Phillip Lougher
[    7.293605] fuse init (API version 7.23)
[    7.297928] Key type big_key registered
[    7.301829] Allocating IMA MOK and blacklist keyrings.
[    7.307220] Key type asymmetric registered
[    7.314712] Asymmetric key parser 'x509' registered
[    7.315503] Block layer SCSI generic (bsg) driver version 0.4 loaded (major 249)
[    7.316809] io scheduler noop registered
[    7.317521] io scheduler deadline registered (default)
[    7.318347] io scheduler cfq registered
[    7.319078] pci_hotplug: PCI Hot Plug PCI Core version: 0.5
[    7.319901] pciehp: PCI Express Hot Plug Controller Driver version: 0.4
[    7.320935] ACPI: AC Adapter [AC] (on-line)
[    7.321716] input: Power Button as /devices/LNXSYSTM:00/LNXPWRBN:00/input/input0
[    7.322934] ACPI: Power Button [PWRF]
[    7.323588] input: Sleep Button as /devices/LNXSYSTM:00/LNXSLPBN:00/input/input1
[    7.324770] ACPI: Sleep Button [SLPF]
[    7.325643] GHES: HEST is not enabled!
[    7.326158] ACPI: Battery Slot [BAT0] (battery present)
[    7.328158] Serial: 8250/16550 driver, 32 ports, IRQ sharing enabled
[    7.350399] 00:02: ttyS0 at I/O 0x3f8 (irq = 4, base_baud = 115200) is a 16550A
[    7.355170] Linux agpgart interface v0.103
[    7.360199] brd: module loaded
[    7.363263] loop: module loaded
[    7.366188] scsi host0: ata_piix
[    7.366986] scsi host1: ata_piix
[    7.367603] ata1: PATA max UDMA/33 cmd 0x1f0 ctl 0x3f6 bmdma 0xd000 irq 14
[    7.368558] ata2: PATA max UDMA/33 cmd 0x170 ctl 0x376 bmdma 0xd008 irq 15
[    7.369688] libphy: Fixed MDIO Bus: probed
[    7.370387] tun: Universal TUN/TAP device driver, 1.6
[    7.371145] tun: (C) 1999-2004 Max Krasnyansky <maxk@qualcomm.com>
[    7.372055] PPP generic driver version 2.4.2
[    7.372776] ehci_hcd: USB 2.0 'Enhanced' Host Controller (EHCI) Driver
[    7.373775] ehci-pci: EHCI PCI platform driver
[    7.374505] ehci-platform: EHCI generic platform driver
[    7.375290] ohci_hcd: USB 1.1 'Open' Host Controller (OHCI) Driver
[    7.376192] ohci-pci: OHCI PCI platform driver
[    7.376891] ohci-platform: OHCI generic platform driver
[    7.377726] uhci_hcd: USB Universal Host Controller Interface driver
[    7.381962] i8042: PNP: PS/2 Controller [PNP0303:PS2K,PNP0f03:PS2M] at 0x60,0x64 irq 1,12
[    7.383640] serio: i8042 KBD port at 0x60,0x64 irq 1
[    7.384395] serio: i8042 AUX port at 0x60,0x64 irq 12
[    7.385277] mousedev: PS/2 mouse device common for all mice
[    7.386325] input: AT Translated Set 2 keyboard as /devices/platform/i8042/serio0/input/input2
[    7.390452] rtc_cmos rtc_cmos: rtc core: registered rtc_cmos as rtc0
[    7.396255] rtc_cmos rtc_cmos: alarms up to one day, 114 bytes nvram
[    7.397130] i2c /dev entries driver
[    7.397794] device-mapper: uevent: version 1.0.3
[    7.398616] device-mapper: ioctl: 4.34.0-ioctl (2015-10-28) initialised: dm-devel@redhat.com
[    7.404509] ledtrig-cpu: registered to indicate activity on CPUs
[    7.405995] NET: Registered protocol family 10
[    7.409608] NET: Registered protocol family 17
[    7.410314] Key type dns_resolver registered
[    7.411157] microcode: CPU0 sig=0x40651, pf=0x40, revision=0x0
[    7.412098] microcode: CPU1 sig=0x40651, pf=0x40, revision=0x0
[    7.413005] microcode: Microcode Update Driver: v2.01 <tigran@aivazian.fsnet.co.uk>, Peter Oruba
[    7.414647] registered taskstats version 1
[    7.419389] Loading compiled-in X.509 certificates
[    7.420718] Loaded X.509 cert 'Build time autogenerated kernel key: a2268f7e4ca1e818c997a5071614f42c2a90855b'
[    7.422172] zswap: loaded using pool lzo/zbud
[    7.424284] Key type trusted registered
[    7.428609] Key type encrypted registered
[    7.779210] AppArmor: AppArmor sha1 policy hashing enabled
[   882228830] tsc: Refined TSC clocksource calibration: 2693.838 MHz
[    8.228832] clocksource: tsc: mask: 0xffffffffffffffff max_cycles: 0x26d481a84e5, max_idle_ns: 440795298128 ns
[    8.549049] ima: No TPM chip found, activating TPM-bypass!
[    8.549906] evm: HMAC attrs: 0x1
[    8.550766]   Magic number: 1:761:545
[    8.551387] tty ttyS21: hash matches
[    8.552057] rtc_cmos rtc_cmos: setting system clock to 2017-01-04 19:30:18 UTC (1483558218)
[    8.553431] BIOS EDD facility v0.16 2004-Jun-25, 0 devices found
[    8.554261] EDD information not available.
[    8.556084] Freeing unused kernel memory: 1484K (ffffffff81f44000 - ffffffff820b7000)
[    8.557306] Write protecting the kernel read-only data: 14336k
[    8.558671] Freeing unused kernel memory: 1796K (ffff88000183f000 - ffff880001a00000)
[    8.560178] Freeing unused kernel memory: 136K (ffff880001dde000 - ffff880001e00000)
Loading, please wait...
starting version 229
[    8.572455] random: systemd-udevd: uninitialized urandom read (16 bytes read, 3 bits of entropy available)
[    8.573137] random: udevadm: uninitialized urandom read (16 bytes read, 3 bits of entropy available)
[    8.573184] random: udevadm: uninitialized urandom read (16 bytes read, 3 bits of entropy available)
[    8.573341] random: udevadm: uninitialized urandom read (16 bytes read, 3 bits of entropy available)
[    8.573398] random: udevadm: uninitialized urandom read (16 bytes read, 3 bits of entropy available)
[    8.573466] random: udevadm: uninitialized urandom read (16 bytes read, 3 bits of entropy available)
[    8.573526] random: udevadm: uninitialized urandom read (16 bytes read, 3 bits of entropy available)
[    8.573580] random: udevadm: uninitialized urandom read (16 bytes read, 3 bits of entropy available)
[    8.573634] random: udevadm: uninitialized urandom read (16 bytes read, 3 bits of entropy available)
[    8.573686] random: udevadm: uninitialized urandom read (16 bytes read, 3 bits of entropy available)
[    8.612223] e1000: Intel(R) PRO/1000 Network Driver - version 7.3.21-k8-NAPI
[    8.615406] e1000: Copyright (c) 1999-2006 Intel Corporation.
[    8.621803] Fusion MPT base driver 3.04.20
[    8.622833] Copyright (c) 1999-2008 LSI Corporation
[    8.666603] Fusion MPT SPI Host driver 3.04.20
[    8.676759] AVX version of gcm_enc/dec engaged.
[    8.792656] AES CTR mode by8 optimization enabled
[    8.878076] input: ImExPS/2 Generic Explorer Mouse as /devices/platform/i8042/serio1/input/input4
[    9.079933] e1000 0000:00:03.0 eth0: (PCI:33MHz:32-bit) 02:a6:9f:fe:ad:64
[    9.293359] e1000 0000:00:03.0 eth0: Intel(R) PRO/1000 Network Connection
[   10.080111] e1000 0000:00:08.0 eth1: (PCI:33MHz:32-bit) 08:00:27:63:4b:da
[   10.086424] e1000 0000:00:08.0 eth1: Intel(R) PRO/1000 Network Connection
[   10.088060] mptbase: ioc0: Initiating bringup
[   10.088274] e1000 0000:00:08.0 enp0s8: renamed from eth1
[   10.118153] e1000 0000:00:03.0 enp0s3: renamed from eth0
[   10.173451] ioc0: LSI53C1030 A0: Capabilities={Initiator}
[   10.359764] scsi host2: ioc0: LSI53C1030 A0, FwRev=00000000h, Ports=1, MaxQ=256, IRQ=20
[   10.489706] scsi 2:0:0:0: Direct-Access     VBOX     HARDDISK         1.0  PQ: 0 ANSI: 5
[   10.496485] scsi target2:0:0: Beginning Domain Validation
[   10.499275] scsi target2:0:0: Domain Validation skipping write tests
[   10.511238] scsi target2:0:0: Ending Domain Validation
[   10.512132] scsi target2:0:0: asynchronous
[   10.513179] scsi 2:0:1:0: Direct-Access     VBOX     HARDDISK         1.0  PQ: 0 ANSI: 5
[   10.518373] scsi target2:0:1: Beginning Domain Validation
[   10.560054] scsi target2:0:1: Domain Validation skipping write tests
[   11.059141] scsi target2:0:1: Ending Domain Validation
[   11.059967] scsi target2:0:1: asynchronous
[   11.066572] sd 2:0:0:0: [sda] 20971520 512-byte logical blocks: (10.7 GB/10.0 GiB)
[   11.066620] sd 2:0:0:0: Attached scsi generic sg0 type 0
[   11.067009] sd 2:0:1:0: Attached scsi generic sg1 type 0
[   11.067148] sd 2:0:1:0: [sdb] 20480 512-byte logical blocks: (10.5 MB/10.0 MiB)
[   11.067242] sd 2:0:1:0: [sdb] Write Protect is off
[   11.067304] sd 2:0:1:0: [sdb] Incomplete mode parameter data
[   11.067305] sd 2:0:1:0: [sdb] Assuming drive cache: write through
[   11.068730] sd 2:0:1:0: [sdb] Attached SCSI disk
[   11.082606] sd 2:0:0:0: [sda] Write Protect is off
[   11.099642] sd 2:0:0:0: [sda] Incomplete mode parameter data
[   11.100447] sd 2:0:0:0: [sda] Assuming drive cache: write through
[   11.102626]  sda: sda1
[   11.108544] sd 2:0:0:0: [sda] Attached SCSI disk
[   11.657265] floppy0: no floppy controllers found
[   11.799366] work still pending
Begin: Loading e[   13.239885] md: linear personality registered for level -1
ssential drivers[   13.353087] md: multipath personality registered for level -4
 ... [   13.372053] md: raid0 personality registered for level 0
[   13.410019] md: raid1 personality registered for level 1
[   13.521226] raid6: sse2x1   gen()  9426 MB/s
[   13.601659] raid6: sse2x1   xor()  7690 MB/s
[   13.688829] raid6: sse2x2   gen() 13455 MB/s
[   13.788761] raid6: sse2x2   xor()  9011 MB/s
[   13.888797] raid6: sse2x4   gen() 15333 MB/s
[   13.968797] raid6: sse2x4   xor() 10424 MB/s
[   14.019350] raid6: using algorithm sse2x4 gen() 15333 MB/s
[   14.020135] raid6: .... xor() 10424 MB/s, rmw enabled
[   14.020878] raid6: using ssse3x2 recovery algorithm
[   14.023075] xor: automatically using best checksumming function:
[   14.065101]    avx       : 20264.000 MB/sec
[   14.080252] async_tx: api initialized (async)
[   14.131075] md: raid6 personality registered for level 6
[   14.162027] md: raid5 personality registered for level 5
[   14.169624] md: raid4 personality registered for level 4
[   14.193852] md: raid10 personality registered for level 10
done.
Begin: Running /scripts/init-premount ... done.
Begin: Mounting root file system ... Begin: Running /scripts/local-top ... done.
Begin: Running /[   14.268826] Btrfs loaded
scripts/local-premount ... Scanning for Btrfs filesystems
done.
Warning: fsck no[   14.356282] EXT4-fs (sda1): mounted filesystem with ordered data mode. Opts: (null)
t present, so skipping root file system
done.
Begin: Running /scripts/local-bottom ... done.
Begin: Running /scripts/init-bottom ... done.
[   14.491740] systemd[1]: systemd 229 running in system mode. (+PAM +AUDIT +SELINUX +IMA +APPARMOR +SMACK +SYSVINIT +UTMP +LIBCRYPTSETUP +GCRYPT +GNUTLS +ACL +XZ -LZ4 +SECCOMP +BLKID +ELFUTILS +KMOD -IDN)
[   14.559614] systemd[1]: Detected virtualization oracle.
[   14.560372] systemd[1]: Detected architecture x86-64.

Welcome to [1mUbuntu 16.04.1 LTS[0m!

[ 14057]ysmd]:etosamto<ubuntu>.
[   15.083902] systemd[1]: Initializing machine ID from random generator.
[   15.086031] systemd[1]: Installed transient /etc/machine-id file.
[   15.203356] systemd[1]: Reached target Swap.
[[0;32m  OK  [0m] Reached target Swap.
[   15.210590] systemd[1]: Started Forward Password Requests to Wall Directory Watch.
[[0;32m  OK  [0m] Started Forward Password Requests to Wall Directory Watch.
[ 1581418]systemd[: stin o/d/iitl mpibitNad pe

[[0;32m  OK  [0m] Listening on /dev/initctl Compatibility Named Pipe.
[   16.077766] systemd[1]: Creat sice User and Ssin Slice.

[[0;32m  OK  [0m] Created slice User and Session Slice.
[   16.394616] systemd[1]: Listening on Journal Audit Socket.
[[0;32m  OK  [0m] Listening on Journal Audit Socket.
[   16.470579] systemd[1]: Listening on LVM2 metadata daemon socket.
[[0;32m  OK  [0m] Listening on LVM2 metadata daemon socket.
[   16.472778] systemd[1]: Listening on Syslog Socket.
[[0;32m  OK  [0m] Listening on Syslog Socket.
[   16.477619] systemd[1]: Created slice System Slice.
[[0;32m  OK  [0m] Created slice System Slice.
[ 16210]ysmd]:eaedart lis.
[[0;32m  OK  [0m] Reached target Slices.
[   17.067275] systemd[1]: Set up automount Arbitrary Executable File Formats File System Automount Point.
[[0;32m  OK  [0m] Set up automount Arbitrary Executab...ats File System Automount Point.
[   17.071508] systemd[1]: Listening on Journal Socket.
[[0;32m  OK  [0m] Listening on Journal Socket.
[   17.089260] systemd[1]: Mounting Debug File System...
         Mounting Debug File System...
[   17.106693] systemd[1]: Reached target Encrypted Volumes.
[[0;32m  OK  [0m] Reached target Encrypted Volumes.
[   17.150333] systemd[1]: Starting Create list of required static device nodes for the current kernel...
         Starting Create list of required st... nodes for the current kernel...
[   17.155918] systemd[1]: Starting Set console keymap...
         Starting Set console keymap...
[   17.160701] systemd[1]: Mounting POSIX Message Queue File System...
         Mounting POSIX Message Queue File System...
[   17.169232] systemd[1]: Listening on Device-mapper event daemon FIFOs.
[[0;32m  OK  [0m] Listening on Device-mapper event daemon FIFOs.
[   17.182721] systemd[1]: Listening on udev Kernel Socket.
[[0;32m  OK  [0m] Listening on udev Kernel Socket.
[   17.201219] systemd[1]: Mounting Huge Pages File System...
         Mounting Huge Pages File System...
[   17.232291] systemd[1]: Starting Nameserver information manager...
         Starting Nameserver information manager...
[   17.261630] systemd[1]: Reached target User and Group Name Lookups.
[[0;32m  OK  [0m] Reached target User and Group Name Lookups.
[   17.264423] systemd[1]: Starting Remount Root and Kernel File Systems...
[   17.268583] EXT4-fs (sda1): re-mounted. Opts: (null)
         Starting Remount Root and Kernel File Systems...
[   17.361928] systemd[1]: Starting Monitoring of LVM2 mirrors, snapshots etc. using dmeventd or progress polling...
         Starting Monitoring of LVM2 mirrors... dmeventd or progress polling...
[   17.412984] systemd[1]: Listening on Journal Socket (/dev/log).
[[0;32m  OK  [0m] Listening on Journal Socket (/dev/log).
[   17.601429] systemd[1]: Starting oournal Service...
         Starting Journal Service...
[   17.650761] systemd[1]: Starting Uncomplicated firewall...
         Starting Uncomplicated firewall...
[   17.654996] systemd[1]: Listening on udev Control Socket.
[[0;32m  OK  [0m] Listening on udev Control Socket.
[   17.657182] systemd[1]: Created slice system-serial\x2dgetty.slice.
[[0;32m  OK  [0m] Created slice system-serial\x2dgetty.slice.
[   17.661852] systemd[1]: Starting Load Kernel Modules...
[   17.678173] Loading iSCSI transport class v2.0-870.
         Startin[   17.690935] iscsi: registered transport (tcp)
g Load Kernel Modules...
[   17.713287] systemd[1]: Listening on LVM2 poll daemon socket.
[[0;32m  OK  [0m] Listening on[   17.724448] iscsi: registered transport (iser)
 LVM2 poll daemon socket.
[   17.774061] systemd[1]: Mounted Huge Pages File System.
[[0;32m  OK  [0m] Mounted Huge Pages File System.
[   17.881821] systemd[1]: Mounted POSIX Message Queue File System.
[[0;32m  OK  [0m] Mounted POSIX Message Queue File System.
[   17.910535] systemd[1]: Mounted Debug File System.
[[0;32m  OK  [0m] Mounted Debug File System.
[   17.912275] systemd[1]: Started Journal Service.
[[0;32m  OK  [0m] Started Journal Service.
[[0;32m  OK  [0m] Started Create list of required sta...ce nodes for the current kernel.
[[0;32m  OK  [0m] Started Set console keymap.
[[0;32m  OK  [0m] Started Remount Root and Kernel File Systems.
[[0;32m  OK  [0m] Started Uncomplicated firewall.
[[0;32m  OK  [0m] Started Load Kernel Modules.
[[0;32m  OK  [[   18.063905] random: nonblocking pool is initialized
0m] Started Nameserver information manager.
[[0;32m  OK  [0m] Started LVM2 metadata daemon.
         Starting Apply Kernel Variables...
         Mounting FUSE Control File System...
         Starting udev Coldplug all Devices...
         Starting Initial cloud-init job (pre-networking)...
         Starting Load/Save Random Seed...
         Starting Create Static Device Nodes in /dev...
         Starting Flush Journal to Persistent Storage...
[[0;32m  OK  [0m] Mounted FUSE Control File System.
[[0;32m  OK  [0m] Started Apply Kernel Variables.
[[0;32m  OK  [0m] Started Load/Save Random Seed.
[[0;32m  OK  [0m] Started Create Static Device Nodes in /dev.
[[0;32m  OK  [0m] Started udev Coldplug all Devices.
[[0;32m  OK  [0m] Started Flush Journal to Persistent Storage.
         Starting udev Kernel Device Manager...
[[0;32m  OK  [0m] Started udev Kernel Device Manager.
[[0;32m  OK  [0m] Started Dispatch Password Requests to Console Directory Watch.
[[0;32m  OK  [0m] Started Monitoring of LVM2 mirrors,...ng dmeventd or progress polling.
[[0;32m  OK  [0m] Reached target Local File Systems (Pre).
[[0;32m  OK  [0m] Reached target Local File Systems.
         Starting Commit a transient machine-id on disk...
         Starting Set console font and keymap...
         Starting Create Volatile Files and Directories...
         Starting LSB: AppArmor initialization...
         Starting Tell Plymouth To Write Out Runtime Data...
[[0;32m  OK  [0m] Started Commit a transient machine-id on disk.
[[0;32m  OK  [0m] Started Create Volatile Files and Directories.
[[0;32m  OK  [0m] Started Tell Plymouth To Write Out Runtime Data.
[[0;32m  OK  [0m] Found device /dev/ttyS0.
[[0;32m  OK  [0m] Reached target System Time Synchronized.
         Starting Update UTMP about System Boot/Shutdown...
[[0;32m  OK  [0m] Started Update UTMP about System Boot/Shutdown.
[[0;32m  OK  [0m] Listening on Load/Save RF Kill Switch Status /dev/rfkill Watch.
[   16.334020] cloud-init[480]: Cloud-init v. 0.7.8 running 'init-local' at Wed, 04 Jan 2017 19:30:28 +0000. Up 15.64 seconds.
[[0;32m  OK  [0m] Started Initial cloud-init job (pre-networking).
[[0;32m  OK  [0m] Started LSB: AppArmor initialization.
[[0;32m  OK  [0m] Reached target Network (Pre).
         Starting Raise network interfaces...
[[0;32m  OK  [0m] Started Set console font and keymap.
[[0;32m  OK  [0m] Created slice system-getty.slice.
[[0;32m  OK  [0m] Started Raise network interfaces.
[[0;32m  OK  [0m] Reached target Network.
         Starting Initial cloud-init job (metadata service crawler)...
[   19.348409] cloud-init[1060]: Cloud-init v. 0.7.8 running 'init' at Wed, 04 Jan 2017 19:30:32 +0000. Up 18.81 seconds.
[[0;32m  OK  [0m] Started Initial cloud-init job (metadata service crawler).
[[0;32m  OK  [0m] Reached target Network is Online.
[   19.410026] cloud-init[1060]: ci-info: ++++++++++++++++++++++++++++++++++++++Net device info++++++++++++++++++++++++++++++++++++++
[   19.505010]          Starting iSCSI initiator daemon (iscsid)...
[[0;32m  OK  [0m] Reached target System Initialization.
cloud-init[[1060]: [0;32m  OK  [0mci-info: +--------+-------+----------------------------+---------------+-------+-------------------+] 
Listening on D-Bus System Message Bus Socket.
[   19.515496] [cloud-init[0;32m  OK  [0m[1060]: ] ci-info: | Device |   Up  |          Address           |      Mask     | Scope |     Hw-Address    |Started ACPI Events Check.

[   19.515860] [[0;32m  OK  [0m] Started Daily apt activities.
cloud-init[1060]: ci-info: +--------+-------+----------------------------+---------------+-------+-------------------+
[   19.532187]          cloud-initStarting LXD - unix socket.[1060]: 
ci-info: | enp0s3 |  True |         10.0.2.15          | 255.255.255.0 |   .   | 02:a6:9f:fe:ad:64 |
[   19.535341] [cloud-init[0;32m  OK  [0m[1060]: ] ci-info: | enp0s3 |  True | fe80::a6:9fff:fefe:ad64/64 |       .       |  link | 02:a6:9f:fe:ad:64 |Listening on UUID daemon activation socket.

[[0;32m  OK  [0m] Started Timer to automatically refresh installed snaps.
         Starting Socket activation for snappy daemon.
[[0;32m  OK  [0m] Listening on ACPID Listen Socket.
[[0;32m  OK  [0m] Started Trigger resolvconf update for networkd DNS.
[[0;32m  OK  [0m] Reached target Paths.
[[0;32m  OK  [0m] Started Daily Cleanup of Temporary Directories.
[[0;32m  OK  [0m] Reached target Timers.
[[0;32m  OK  [0m] Reached target Cloud-config availability.
[   19.535754] cloud-init[1060]: ci-info: |   lo   |  True |         127.0.0.1          |   255.0.0.0   |   .   |         .         |
[   19.660356] [cloud-init[0;32m  OK  [0m[1060]: ] ci-info: |   lo   |  True |          ::1/128           |       .       |  host |         .         |Listening on LXD - unix socket.

[   19.660850] [cloud-init[0;32m  OK  [0m[1060]: ] ci-info: | enp0s8 | False |             .              |       .       |   .   | 08:00:27:63:4b:da |Listening on Socket activation for snappy daemon.

[[0;32m  OK  [0m] Started iSCSI initiator daemon (iscsid).
[   19.664332] cloud-init[1060]: ci-info: +--------+-------+----------------------------+---------------+-------+-------------------+
[   19.747430]          cloud-initStarting Login to default iSCSI targets...[1060]: 
ci-info: +++++++++++++++++++++++++++Route IPv4 info++++++++++++++++++++++++++++
[   19.768456] [cloud-init[0;32m  OK  [0m[1060]: ] ci-info: +-------+-------------+----------+---------------+-----------+-------+Reached target Sockets.

[   19.876365] [cloud-init[0;32m  OK  [0m[1060]: ] ci-info: | Route | Destination | Gateway  |    Genmask    | Interface | Flags |Reached target Basic System.

[   19.876861] cloud-init[1060]: ci-info: +-------+-------------+----------+---------------+-----------+-------+
[   19.905108] [cloud-init[0;32m  OK  [0m[1060]: ] ci-info: |   0   |   0.0.0.0   | 10.0.2.2 |    0.0.0.0    |   enp0s3  |   UG  |Started Deferred execution scheduler.

[   19.905395] cloud-init[1060]: ci-info: |   1   |   10.0.2.0  | 0.0.0.0  | 255.255.255.0 |   enp0s3  |   U   |
[   19.909927]          cloud-initStarting Login Service...[1060]: 
ci-info: +-------+-------------+----------+---------------+-----------+-------+
         Starting Pollinate to seed the pseudo random number generator...
[   19.970130] cloud-init[1060]: Generating public/private rsa key pair.
[   19.998844] cloud-init[1060]: Your identification has been saved in /etc/ssh/ssh_host_rsa_key.
[   20.001498] cloud-init[1060]: Your public key has been saved in /etc/ssh/ssh_host_rsa_key.pub.
[   20.016580] cloud-init[1060]: The key fingerprint is:
[   20.016854] cloud-init[1060]: SHA256:6gH/CcuYa4yJFtTQuN2L43DiGfXkGFypl5clAnAcs0s root@ubuntu-xenial
[[0;32m  OK  [0m] Started FUSE filesystem for LXC.
[   20.017111] cloud-init[1060]: The key's randomart image is:
         [   20.088648] Starting LSB: MD monitoring daemon...cloud-init
[1060]: +---[RSA 2048]----+
[   20.088838] cloud-init[1060]: | .==o .          |
[   20.113450] cloud-init[1060]: | o.oo+ . .       |
[   20.114684] cloud-init[1060]: |  *E+ o +        |
[   20.115914] cloud-init[1060]: | o.B.= o         |
[   20.117248] cloud-init[1060]: |. ..X o S        |
         [   20.123820] Starting Accounts Service...cloud-init
[1060]: | = = * .         |
[[   20.127271] cloud-init[1060]: |..O+. =          |
[   20.127345] cloud-init[1060]: |.+o.o= = .       |
[   20.127459] cloud-init[1060]: |.  .+.+ o        |
[   20.127718] cloud-init[1060]: +----[SHA256]-----+
[   20.127818] cloud-init[1060]: Generating public/private dsa key pair.
[   20.127936] cloud-init[1060]: Your identification has been saved in /etc/ssh/ssh_host_dsa_key.
[0;32m  OK  [0m] Started Snappy daemon.
[   20.128249] cloud-init[1060]: Your public key has been saved in /etc/ssh/ssh_host_dsa_key.pub.
[   20.214282] cloud-init[1060]: The key fingerprint is:
[   20.215137] cloud-init[1060]: SHA256:20aPoXlBbbqSSPEMfhQx4aOKlKIkL2G9XWnqs6wIBdk root@ubuntu-xenial
[   20.217560] cloud-init[1060]: The key's randomart image is:
[   20.218718] cloud-init[1060]: +---[DSA 1024]----+
[   20.219469] cloud-init[1060]: |        =o       |
[   20.220261] cloud-init[1060]: | o     . o .     |
[   20.221005] cloud-init[1060]: |o E   o + . o    |
[   20.221762] cloud-init[1060]: | ... . B.o o     |
[   20.222505] cloud-init[1060]: |+o+.  ++S =      |
[   20.223241] cloud-init[1060]: |=* .oo+o B *     |
[   20.223977] cloud-init[1060]: |+ o..o. * * .    |
[   20.224751] cloud-init[1060]: |... o.   +       |
[   20.225507] cloud-init[1060]: | . ..+o          |
[   20.226265] cloud-init[1060]: +----[SHA256]-----+
[   20.227229] cloud-init[1060]: Generating public/private ecdsa key pair.
[[0;32m  OK  [0m] Started ACPI event daemon.
[   20.302746] cloud-init[1060]: Your identification has been saved in /etc/ssh/ssh_host_ecdsa_key.
[   20.384297]          cloud-initStarting Auto import assertions from block devices...[1060]: 
Your public key has been saved in /etc/ssh/ssh_host_ecdsa_key.pub.
[   20.388294] cloud-init[1060]: The key fingerprint is:
[   20.390476] cloud-init[1060]: SHA256:MvYUe9cQoW367of218W5143MQ+ultkMkbqW3/a3b3t8 root@ubuntu-xenial
[   20.392154] cloud-init[1060]: The key's randomart image is:
[   20.393199] cloud-init[1060]: +---[ECDSA 256]---+
[   20.413190] [cloud-init[0;32m  OK  [0m[1060]: ] |            o.   |Started Regular background program processing daemon.

[   20.413563] cloud-init[1060]: |           o .   |
[   20.449535]          cloud-initStarting System Logging Service...[1060]: 
|        . . +    |
[   20.452697]          cloud-initStarting LSB: Record successful boot for GRUB...[1060]: 
|         o o.oo  |
[   20.475370] [[0;32m  OK  [0m] Started D-Bus System Message Bus.
cloud-init[1060]: |      + S o..=...|
[   20.480969] cloud-init[1060]: |     . = . o+ +.o|
[   20.482757] cloud-init[1060]: |        .  ..B =B|
[   20.483720] cloud-init[1060]: |           .o @=@|
[   20.484714] cloud-init[1060]: |           oo=BOE|
[   20.512336]          cloud-initStarting /etc/rc.local Compatibility...[1060]: 
+----[SHA256]-----+
[   20.512740] cloud-init[1060]: Generating public/private ed25519 key pair.         Starting Apply the settings specified in cloud-config...

[   20.516682]          cloud-initStarting LXD - container startup/shutdown...[1060]: 
Your identification has been saved in /etc/ssh/ssh_host_ed25519_key.
[   20.572863] [cloud-init[0;32m  OK  [0m[1060]: ] Your public key has been saved in /etc/ssh/ssh_host_ed25519_key.pub.Started System Logging Service.

[[0;32m  OK  [0m] Started Pollinate to seed the pseudo random number generator.
[[0;32m  OK  [0m] Started Auto import assertions from block devices.
[[0;32m  OK  [0m] Started /etc/rc.local Compatibility.
[[0;32m  OK  [0m] Started LXD - container startup/shutdown.
[   20.573177] cloud-init[1060]: The key fingerprint is:
[   20.604012] cloud-init[1060]: SHA256:Y9kQNqKxk4bNwLWtRhB9IBJ6Vlc+YPGxH/y6hREfnEY root@ubuntu-xenial
[   20.605253] cloud-init[1060]: The key's randomart image is:
[   20.607174] cloud-init[1060]: +--[ED25519 256]--+
[   20.608175] cloud-init[1060]: |oo=+=.*o*   E    |
[   20.610073] cloud-init[1060]: |...O.X.* * o .   |
[   20.610825] cloud-init[1060]: |. + @.. * + =    |
[   20.611607] cloud-init[1060]: | o o o   * * .   |
[   20.612404] cloud-init[1060]: |    o   S + o    |
[   20.613188] cloud-init[1060]: |   .   . . +     |
[   20.615015] cloud-init[1060]: |          o .    |
[   20.615777] cloud-init[1060]: |           o     |
[   20.632082] cloud-init[1060]: |          .      |
[   20.688260] cloud-init[1060]: +----[SHA256]-----+
[[0;32m  OK  [0m] Started LSB: MD monitoring daemon.
[[0;32m  OK  [0m] Started LSB: Record successful boot for GRUB.
[[0;32m  OK  [0m] Started Login to default iSCSI targets.
[[0;32m  OK  [0m] Started Login Service.
         Starting Authenticate and Authorize Users to Run Privileged Tasks...
[[0;32m  OK  [0m] Reached target Remote File Systems (Pre).
[[0;32m  OK  [0m] Reached target Remote File Systems.
         Starting LSB: Set the CPU Frequency Scaling governor to "ondemand"...
         Starting LSB: daemon to balance interrupts for SMP systems...
[   20.915419] cloud-init[1260]: Generating locales (this might take a while)...
         Starting LSB: VirtualBox Linux Additions...
         Starting LSB: automatic crash report generation...
         Starting Permit User Sessions...
         Starting OpenBSD Secure Shell server...
[[0;32m  OK  [0m] Started Permit User Sessions.
[[0;32m  OK  [0m] Started Authenticate and Authorize Users to Run Privileged Tasks.
[[0;32m  OK  [0m] Started Accounts Service.
[[0;32m  OK  [0m] Started OpenBSD Secure Shell server.
[[0;32m  OK  [0m] Started LSB: Set the CPU Frequency Scaling governor to "ondemand".
         Starting Terminate Plymouth Boot Screen...
         Starting Hold until boot process finishes up...
[[0;32m  OK  [0m] Started LSB: daemon to balance interrupts for SMP systems.
[[0;32m  OK  [0m] Started LSB: VirtualBox Linux Additions.
[[0;32m  OK  [0m] Started LSB: automatic crash report generation.
[[0;32m  OK  [0m] Started Terminate Plymouth Boot Screen.
[[0;32m  OK  [0m] Started Hold until boot process finishes up.
[[0;32m  OK  [0m] Started Getty on tty1.
         Starting Set console scheme...
[[0;32m  OK  [0m] Started Serial Getty on ttyS0.
[[0;32m  OK  [0m] Reached target Login Prompts.
[[0;32m  OK  [0m] Reached target Multi-User System.
[[0;32m  OK  [0m] Reached target Graphical Interface.
         Starting Update UTMP about System Runlevel Changes...
[[0;32m  OK  [0m] Started Set console scheme.
[[0;32m  OK  [0m] Started Update UTMP about System Runlevel Changes.
[   21.945271] cloud-init[1260]:   en_US.UTF-8... done
[   21.976379] cloud-init[1260]: Generation complete.
         Stopping OpenBSD Secure Shell server...
[[0;32m  OK  [0m] Stopped OpenBSD Secure Shell server.
         Starting OpenBSD Secure Shell server...
[[0;32m  OK  [0m] Started OpenBSD Secure Shell server.
[   22.411681] cloud-init[1260]: Cloud-init v. 0.7.8 running 'modules:config' at Wed, 04 Jan 2017 19:30:34 +0000. Up 20.80 seconds.
[[0;32m  OK  [0m] Started Apply the settings specified in cloud-config.
         Starting Execute cloud user/final scripts...
ci-info: no authorized ssh keys fingerprints found for user ubuntu.
<14>Jan  4 19:30:36 ec2: 
<14>Jan  4 19:30:36 ec2: #############################################################
<14>Jan  4 19:30:36 ec2: -----BEGIN SSH HOST KEY FINGERPRINTS-----
<14>Jan  4 19:30:36 ec2: 1024 SHA256:20aPoXlBbbqSSPEMfhQx4aOKlKIkL2G9XWnqs6wIBdk root@ubuntu-xenial (DSA)
<14>Jan  4 19:30:36 ec2: 256 SHA256:MvYUe9cQoW367of218W5143MQ+ultkMkbqW3/a3b3t8 root@ubuntu-xenial (ECDSA)
<14>Jan  4 19:30:36 ec2: 256 SHA256:Y9kQNqKxk4bNwLWtRhB9IBJ6Vlc+YPGxH/y6hREfnEY root@ubuntu-xenial (ED25519)
<14>Jan  4 19:30:36 ec2: 2048 SHA256:6gH/CcuYa4yJFtTQuN2L43DiGfXkGFypl5clAnAcs0s root@ubuntu-xenial (RSA)
<14>Jan  4 19:30:36 ec2: -----END SSH HOST KEY FINGERPRINTS-----
<14>Jan  4 19:30:36 ec2: #############################################################
-----BEGIN SSH HOST KEY KEYS-----
ecdsa-sha2-nistp256 AAAAE2VjZHNhLXNoYTItbmlzdHAyNTYAAAAIbmlzdHAyNTYAAABBBNGYEiMLk1mH8muDcMW9klbvpkEXzgV57K35QLicUFDwSuckuU1apcYRv+s3+4YfFvfSJMZzQbdpgPJ10kQyT/s= root@ubuntu-xenial
ssh-ed25519 AAAAC3NzaC1lZDI1NTE5AAAAIGHPl/sE/yb467o5Tj/HvBtm/oT3vLwG2vsA5t4W4OTj root@ubuntu-xenial
ssh-rsa AAAAB3NzaC1yc2EAAAADAQABAAABAQC4GtrN7x+4tXHNNDVMQMdYQc+s3UQKXHK7rZPRAtwyihsYwkgXCc7MdySMyq2KBIZRkPA3OsEci3eZtOjgDZzQdfvpZdGlMhIvEhWuFyxyrpH6S4idiC05hyBzgf6MNMoFFwO3rTPJ88aPrK1vn10glSyIhoNxqyPheGsBN5fRaYmCa8x04xoTrGLITdX5SVDsVqXaXJfz8NSk3HF7bmotuu+kxo6TeP7jCnh3MOPHOB862mt2Ihoptevu7tKt5tE3DAYG5u8zsf0F6Lh91nHtg/oLcOqq4LyEfQFj9YAKhGIR7Ixc+tWXzphtuSO6FacI/YwppiC2E2/3rDmNM5N5 root@ubuntu-xenial
-----END SSH HOST KEY KEYS-----
[   23.119266] cloud-init[1426]: Cloud-init v. 0.7.8 running 'modules:final' at Wed, 04 Jan 2017 19:30:35 +0000. Up 22.74 seconds.
[[0;32m  OK  [0m] Started Execute cloud user/final scripts.
[   23.218924] cloud-init[1426]: ci-info: no authorized ssh keys fingerprints found for user ubuntu.
[   23.237046] cloud-init[1426]: Cloud-init v. 0.7.8 finished at Wed, 04 Jan 2017 19:30:36 +0000. Datasource DataSourceNoCloud [seed=/dev/sdb][dsmode=net].  Up 23.10 seconds
[[0;32m  OK  [0m] Reached target Cloud-init target.

Ubuntu 16.04.1 LTS ubuntu-xenial ttyS0

ubuntu-xenial login: 